// Jest Snapshot v1, https://goo.gl/fbAQLP

exports[`ipa2senyn: kai 1`] = `
Array [
  Array [
    "k",
    "ai",
  ],
  Array [
    "g",
    "ai",
  ],
]
`;

exports[`ipa2senyn: m̩ 1`] = `
Array [
  Array [
    "",
    "m̩",
  ],
  Array [
    "",
    "m",
  ],
]
`;

exports[`ipa2senyn: pã 1`] = `
Array [
  Array [
    "p",
    "ã",
  ],
  Array [
    "b",
    "an",
  ],
]
`;

exports[`ipa2senyn: ɿ 1`] = `
Array [
  Array [
    "",
    "ɿ",
  ],
  Array [
    "r",
    "",
  ],
]
`;

exports[`query 1`] = `
Array [
  Object {
    "声": "tʃ",
    "调": 1,
    "释": "",
    "音": "tʃoŋ",
    "韵": "oŋ",
  },
  Object {
    "声": "tʃ",
    "调": 4,
    "释": "",
    "音": "tʃoŋ",
    "韵": "oŋ",
  },
]
`;
