// Jest Snapshot v1, https://goo.gl/fbAQLP

exports[`query 1`] = `
Array [
  Object {
    "声": "tʂ",
    "调": 1,
    "释": "",
    "音": "tʂoŋ",
    "韵": "oŋ",
  },
  Object {
    "声": "tʂ",
    "调": 4,
    "释": "",
    "音": "tʂoŋ",
    "韵": "oŋ",
  },
]
`;

exports[`query 2`] = `
Array [
  Object {
    "声": "",
    "调": 3,
    "释": "",
    "音": "i",
    "韵": "i",
  },
]
`;
